// Jest Snapshot v1, https://goo.gl/fbAQLP

exports[`DocGen it should work for JavaScript files when using allowJS 1`] = `
[
  {
    "args": [
      {
        "defaultValue": undefined,
        "description": "",
        "isRequired": true,
        "name": "post",
        "tags": {},
        "type": {
          "name": "{ title: string; author: string; body: string; }",
        },
      },
    ],
    "description": "",
    "fileName": "javascript.js",
    "name": "BlogPostComponent",
    "tags": {
      "extends": {
        "name": "extends",
        "value": "Component<BlogPostArgs>",
      },
    },
  },
]
`;

exports[`DocGen it should work for TypeScript files 1`] = `
[
  {
    "args": [
      {
        "defaultValue": "'md'",
        "description": "The size",
        "isRequired": false,
        "name": "size",
        "tags": {
          "defaultValue": {
            "name": "defaultValue",
            "value": "'md'",
          },
        },
        "type": {
          "name": "enum",
          "options": [
            "'xs'",
            "'sm'",
            "'md'",
            "'lg'",
            "'xl'",
            "'full'",
          ],
          "raw": ""xs" | "sm" | "md" | "lg" | "xl" | "full"",
        },
      },
      {
        "defaultValue": "'button'",
        "description": "The HTML type of the button",
        "isRequired": false,
        "name": "type",
        "tags": {
          "defaultValue": {
            "name": "defaultValue",
            "value": "'button'",
          },
        },
        "type": {
          "name": "enum",
          "options": [
            "'button'",
            "'submit'",
            "'reset'",
          ],
          "raw": ""button" | "submit" | "reset"",
        },
      },
    ],
    "description": "",
    "fileName": "button-with-extended-args.ts",
    "name": "ButtonWithExtendedArgs",
    "tags": {},
  },
  {
    "args": [
      {
        "defaultValue": undefined,
        "description": "",
        "isRequired": true,
        "name": "size",
        "tags": {},
        "type": {
          "name": "string",
        },
      },
      {
        "defaultValue": "'default'",
        "description": "The appearance of the button",
        "isRequired": false,
        "name": "appearance",
        "tags": {
          "defaultValue": {
            "name": "defaultValue",
            "value": "'default'",
          },
        },
        "type": {
          "name": "enum",
          "options": [
            "'default'",
            "'outlined'",
            "'minimal'",
          ],
          "raw": ""default" | "outlined" | "minimal"",
        },
      },
      {
        "defaultValue": "'primary'",
        "description": "The intent of the button",
        "isRequired": false,
        "name": "intent",
        "tags": {
          "defaultValue": {
            "name": "defaultValue",
            "value": "'primary'",
          },
        },
        "type": {
          "name": "enum",
          "options": [
            "'primary'",
            "'success'",
            "'warning'",
            "'danger'",
          ],
          "raw": ""primary" | "success" | "warning" | "danger"",
        },
      },
      {
        "defaultValue": undefined,
        "description": "If the button is renderless
It allows the consumer to render a link for example",
        "isRequired": false,
        "name": "isRenderless",
        "tags": {},
        "type": {
          "name": "boolean",
        },
      },
      {
        "defaultValue": "'button'",
        "description": "The HTML type of the button",
        "isRequired": false,
        "name": "type",
        "tags": {
          "defaultValue": {
            "name": "defaultValue",
            "value": "'button'",
          },
        },
        "type": {
          "name": "enum",
          "options": [
            "'button'",
            "'submit'",
            "'reset'",
          ],
          "raw": ""button" | "submit" | "reset"",
        },
      },
    ],
    "description": "The button component",
    "fileName": "button.ts",
    "name": "Button",
    "tags": {
      "since": {
        "name": "since",
        "value": "1.0.0",
      },
    },
  },
  {
    "args": [
      {
        "defaultValue": undefined,
        "description": "",
        "isRequired": true,
        "name": "size",
        "tags": {},
        "type": {
          "name": "string",
        },
      },
      {
        "defaultValue": "'default'",
        "description": "The appearance of the button",
        "isRequired": false,
        "name": "appearance",
        "tags": {
          "defaultValue": {
            "name": "defaultValue",
            "value": "'default'",
          },
        },
        "type": {
          "name": "enum",
          "options": [
            "'default'",
            "'outlined'",
            "'minimal'",
          ],
          "raw": ""default" | "outlined" | "minimal"",
        },
      },
      {
        "defaultValue": "'primary'",
        "description": "The intent of the button",
        "isRequired": false,
        "name": "intent",
        "tags": {
          "defaultValue": {
            "name": "defaultValue",
            "value": "'primary'",
          },
        },
        "type": {
          "name": "enum",
          "options": [
            "'primary'",
            "'success'",
            "'warning'",
            "'danger'",
          ],
          "raw": ""primary" | "success" | "warning" | "danger"",
        },
      },
      {
        "defaultValue": undefined,
        "description": "If the button is renderless
It allows the consumer to render a link for example",
        "isRequired": false,
        "name": "isRenderless",
        "tags": {},
        "type": {
          "name": "boolean",
        },
      },
      {
        "defaultValue": "'button'",
        "description": "The HTML type of the button",
        "isRequired": false,
        "name": "type",
        "tags": {
          "defaultValue": {
            "name": "defaultValue",
            "value": "'button'",
          },
        },
        "type": {
          "name": "enum",
          "options": [
            "'button'",
            "'submit'",
            "'reset'",
          ],
          "raw": ""button" | "submit" | "reset"",
        },
      },
    ],
    "description": "This component extends the Button component",
    "fileName": "extended-button.ts",
    "name": "ExetededButton",
    "tags": {},
  },
  {
    "args": [
      {
        "defaultValue": undefined,
        "description": "",
        "isRequired": true,
        "name": "appearance",
        "tags": {},
        "type": {
          "name": "string",
        },
      },
      {
        "defaultValue": undefined,
        "description": "",
        "isRequired": true,
        "name": "type",
        "tags": {},
        "type": {
          "name": "string",
        },
      },
    ],
    "description": "",
    "fileName": "multiple-components.ts",
    "name": "ButtonNotDefault",
    "tags": {},
  },
  {
    "args": [
      {
        "defaultValue": undefined,
        "description": "",
        "isRequired": true,
        "name": "appearance",
        "tags": {},
        "type": {
          "name": "string",
        },
      },
      {
        "defaultValue": undefined,
        "description": "",
        "isRequired": true,
        "name": "type",
        "tags": {},
        "type": {
          "name": "string",
        },
      },
    ],
    "description": "",
    "fileName": "multiple-components.ts",
    "name": "ButtonDefault",
    "tags": {},
  },
]
`;
